ERROR: The file contains no matrices or PDB id. Program name: ./virus-particle-structure.
